http://0.0.0.0:80
[0;32mtestcode= = = = = = ======= ACCEPT =========================[0m
[0;31mrecv : 5:[0m

[0;31mclient->getReadFd() : 0[0m
[0;31mtevent.ident : 5[0m
[0;31mrecv : 5:[0m

[0;31mclient->getReadFd() : 0[0m
[0;31mtevent.ident : 5[0m
[0;31mtestcode ====_headerBuffer
GET / HTTP/1.1
Host: 0.0.0.0:80
User-Agent: Go-http-client/1.1
Accept-Encoding: gzip

[0m
==============================Send data==============================
HTTP/1.1 200 OK
Date: Tue, 15 Aug 2023 17:56:13 GMT
Server: My Server
Content-Type: text/html
Content-Length: 312

<!DOCTYPE html>
<html lang="en">
<head>
    <meta charset="UTF-8">
    <meta name="viewport" content="width=device-width, initial-scale=1.0">
    <!-- <link rel="shortcut icon" href="data:image/x-icon;," type="image/x-icon"> -->
    <title>Hello</title>
</head>
<body>
    <h1>Hello, world!</h1>
</body>
</html>

[0;32mtestcode : send code: 200[0m
[0;32mtestcode send clear[0m
[0;31mrecv : 5:[0m

[0;31mclient->getReadFd() : 0[0m
[0;31mtevent.ident : 5[0m
[0;31mrecv : 5:[0m

[0;31mclient->getReadFd() : 0[0m
[0;31mtevent.ident : 5[0m
[0;31mrecv : 5:[0m

[0;31mclient->getReadFd() : 0[0m
[0;31mtevent.ident : 5[0m
[0;31mrecv : 5:[0m

[0;31mclient->getReadFd() : 0[0m
[0;31mtevent.ident : 5[0m
[0;31mrecv : 5:[0m

[0;31mclient->getReadFd() : 0[0m
[0;31mtevent.ident : 5[0m
[0;31mrecv : 5:[0m

[0;31mclient->getReadFd() : 0[0m
[0;31mtevent.ident : 5[0m
[0;31mrecv : 5:[0m

[0;31mclient->getReadFd() : 0[0m
[0;31mtevent.ident : 5[0m
[0;31mrecv : 5:[0m

[0;31mclient->getReadFd() : 0[0m
[0;31mtevent.ident : 5[0m
[0;31mrecv : 5:[0m

[0;31mclient->getReadFd() : 0[0m
[0;31mtevent.ident : 5[0m
[0;31mtestcode ====_headerBuffer
POST / HTTP/1.1
Host: 0.0.0.0:80
User-Agent: Go-http-client/1.1
Transfer-Encoding: chunked
Content-Type: test/file
Accept-Encoding: gzip

[0m
[0;31m_request->getMethod() : POST[0m
==============================Send data==============================
HTTP/1.1 405 Method Not Allowed
Content-Type: text/html; charset=UTF-8
Server: My Server
Referrer-Policy: no-referrer
Content-Length: 0
Date: Tue, 15 Aug 2023 17:56:13 GMT


[0;32mtestcode : send code: 405[0m
[0;32mtestcode= = = = = = ======= ACCEPT =========================[0m
[0;31mrecv : 0:[0m

[0;31mclient->getReadFd() : 0[0m
[0;31mtevent.ident : 0[0m
[0;31mrecv : 0:[0m

[0;31mclient->getReadFd() : 0[0m
[0;31mtevent.ident : 0[0m
[0;31mrecv : 0:[0m

[0;31mclient->getReadFd() : 0[0m
[0;31mtevent.ident : 0[0m
[0;31mtestcode ====_headerBuffer
HEAD / HTTP/1.1
Host: 0.0.0.0:80
User-Agent: Go-http-client/1.1

[0m
[0;31m_request->getMethod() : HEAD[0m
==============================Send data==============================
HTTP/1.1 405 Method Not Allowed
Content-Type: text/html; charset=UTF-8
Server: My Server
Referrer-Policy: no-referrer
Content-Length: 0
Date: Tue, 15 Aug 2023 17:56:13 GMT


[0;32mtestcode : send code: 405[0m
[0;32mtestcode= = = = = = ======= ACCEPT =========================[0m
[0;31mrecv : 0:[0m

[0;31mclient->getReadFd() : 0[0m
[0;31mtevent.ident : 0[0m
[0;31mrecv : 0:[0m

[0;31mclient->getReadFd() : 0[0m
[0;31mtevent.ident : 0[0m
[0;31mrecv : 0:[0m

[0;31mclient->getReadFd() : 0[0m
[0;31mtevent.ident : 0[0m
[0;31mtestcode ====_headerBuffer
GET /directory HTTP/1.1
Host: 0.0.0.0:80
User-Agent: Go-http-client/1.1
Accept-Encoding: gzip

[0m
==============================Send data==============================
HTTP/1.1 200 OK
Date: Tue, 15 Aug 2023 17:56:13 GMT
Server: My Server
Content-Type: 
Content-Length: 0


[0;32mtestcode : send code: 200[0m
invalid Read event set 1
[0;32mtestcode send clear[0m
[0;32mtestcode= = = = = = ======= ACCEPT =========================[0m
[0;31mrecv : 0:[0m

[0;31mclient->getReadFd() : 0[0m
[0;31mtevent.ident : 0[0m
[0;31mrecv : 0:[0m

[0;31mclient->getReadFd() : 0[0m
[0;31mtevent.ident : 0[0m
[0;31mrecv : 0:[0m

[0;31mclient->getReadFd() : 0[0m
[0;31mtevent.ident : 0[0m
[0;31mrecv : 0:[0m

[0;31mclient->getReadFd() : 0[0m
[0;31mtevent.ident : 0[0m
[0;31mtestcode ====_headerBuffer
GET /directory/youpi.bad_extension HTTP/1.1
Host: 0.0.0.0:80
User-Agent: Go-http-client/1.1
Accept-Encoding: gzip

[0m
==============================Send data==============================
HTTP/1.1 200 OK
Date: Tue, 15 Aug 2023 17:56:13 GMT
Server: My Server
Content-Type: 
Content-Length: 0


[0;32mtestcode : send code: 200[0m
invalid Read event set 1
[0;32mtestcode send clear[0m
[0;32mtestcode= = = = = = ======= ACCEPT =========================[0m
[0;31mrecv : 0:[0m

[0;31mclient->getReadFd() : 0[0m
[0;31mtevent.ident : 0[0m
[0;31mrecv : 0:[0m

[0;31mclient->getReadFd() : 0[0m
[0;31mtevent.ident : 0[0m
[0;31mrecv : 0:[0m

[0;31mclient->getReadFd() : 0[0m
[0;31mtevent.ident : 0[0m
[0;31mtestcode ====_headerBuffer
GET /directory/youpi.bla HTTP/1.1
Host: 0.0.0.0:80
User-Agent: Go-http-client/1.1
Accept-Encoding: gzip

[0m
==============================Send data==============================
HTTP/1.1 200 OK
Date: Tue, 15 Aug 2023 17:56:13 GMT
Server: My Server
Content-Type: 
Content-Length: 0


[0;32mtestcode : send code: 200[0m
invalid Read event set 1
[0;32mtestcode send clear[0m
[0;32mtestcode= = = = = = ======= ACCEPT =========================[0m
[0;31mrecv : 0:[0m

[0;31mclient->getReadFd() : 0[0m
[0;31mtevent.ident : 0[0m
[0;31mrecv : 0:[0m

[0;31mclient->getReadFd() : 0[0m
[0;31mtevent.ident : 0[0m
[0;31mrecv : 0:[0m

[0;31mclient->getReadFd() : 0[0m
[0;31mtevent.ident : 0[0m
[0;31mrecv : 0:[0m

[0;31mclient->getReadFd() : 0[0m
[0;31mtevent.ident : 0[0m
[0;31mtestcode ====_headerBuffer
GET /directory/oulalala HTTP/1.1
Host: 0.0.0.0:80
User-Agent: Go-http-client/1.1
Accept-Encoding: gzip

[0m
not serverpath
[0;31m_request->getMethod() : GET[0m
==============================Send data==============================
HTTP/1.1 404 Not Found
Content-Type: text/html; charset=UTF-8
Server: My Server
Referrer-Policy: no-referrer
Content-Length: 346
Date: Tue, 15 Aug 2023 17:56:13 GMT

<!DOCTYPE html>
<html lang="en">
<head>
    <meta charset="UTF-8">
    <meta name="viewport" content="width=device-width, initial-scale=1.0">
    <link rel="shortcut icon" href="data:image/x-icon;," type="image/x-icon">
    <title>error</title>
</head>
<body>
    <h1>ERROR</h1>
    <p>404 </p>
    <br>
    <p>file not found</p>
</body>
</html>

[0;32mtestcode : send code: 404[0m
[0;32mtestcode= = = = = = ======= ACCEPT =========================[0m
[0;31mrecv : 0:[0m

[0;31mclient->getReadFd() : 0[0m
[0;31mtevent.ident : 0[0m
[0;31mrecv : 0:[0m

[0;31mclient->getReadFd() : 0[0m
[0;31mtevent.ident : 0[0m
[0;31mrecv : 0:[0m

[0;31mclient->getReadFd() : 0[0m
[0;31mtevent.ident : 0[0m
[0;31mrecv : 0:[0m

[0;31mclient->getReadFd() : 0[0m
[0;31mtevent.ident : 0[0m
[0;31mrecv : 0:[0m

[0;31mclient->getReadFd() : 0[0m
[0;31mtevent.ident : 0[0m
[0;31mrecv : 0:[0m

[0;31mclient->getReadFd() : 0[0m
[0;31mtevent.ident : 0[0m
[0;31mtestcode ====_headerBuffer
GET /directory/nop HTTP/1.1
Host: 0.0.0.0:80
User-Agent: Go-http-client/1.1
Accept-Encoding: gzip

[0m
==============================Send data==============================
HTTP/1.1 200 OK
Date: Tue, 15 Aug 2023 17:56:13 GMT
Server: My Server
Content-Type: 
Content-Length: 0


[0;32mtestcode : send code: 200[0m
invalid Read event set 1
[0;32mtestcode send clear[0m
[0;32mtestcode= = = = = = ======= ACCEPT =========================[0m
[0;31mrecv : 0:[0m

[0;31mclient->getReadFd() : 0[0m
[0;31mtevent.ident : 0[0m
[0;31mrecv : 0:[0m

[0;31mclient->getReadFd() : 0[0m
[0;31mtevent.ident : 0[0m
[0;31mrecv : 0:[0m

[0;31mclient->getReadFd() : 0[0m
[0;31mtevent.ident : 0[0m
[0;31mtestcode ====_headerBuffer
GET /directory/nop/ HTTP/1.1
Host: 0.0.0.0:80
User-Agent: Go-http-client/1.1
Accept-Encoding: gzip

[0m
==============================Send data==============================
HTTP/1.1 200 OK
Date: Tue, 15 Aug 2023 17:56:13 GMT
Server: My Server
Content-Type: 
Content-Length: 0


[0;32mtestcode : send code: 200[0m
invalid Read event set 1
[0;32mtestcode send clear[0m
[0;32mtestcode= = = = = = ======= ACCEPT =========================[0m
[0;31mrecv : 0:[0m

[0;31mclient->getReadFd() : 0[0m
[0;31mtevent.ident : 0[0m
[0;31mrecv : 0:[0m

[0;31mclient->getReadFd() : 0[0m
[0;31mtevent.ident : 0[0m
[0;31mtestcode ====_headerBuffer
GET /directory/nop/other.pouic HTTP/1.1
Host: 0.0.0.0:80
User-Agent: Go-http-client/1.1
Accept-Encoding: gzip

[0m
==============================Send data==============================
HTTP/1.1 200 OK
Date: Tue, 15 Aug 2023 17:56:13 GMT
Server: My Server
Content-Type: 
Content-Length: 0


[0;32mtestcode : send code: 200[0m
invalid Read event set 1
[0;32mtestcode send clear[0m
[0;32mtestcode= = = = = = ======= ACCEPT =========================[0m
[0;31mrecv : 0:[0m

[0;31mclient->getReadFd() : 0[0m
[0;31mtevent.ident : 0[0m
[0;31mrecv : 0:[0m

[0;31mclient->getReadFd() : 0[0m
[0;31mtevent.ident : 0[0m
[0;31mrecv : 0:[0m

[0;31mclient->getReadFd() : 0[0m
[0;31mtevent.ident : 0[0m
[0;31mrecv : 0:[0m

[0;31mclient->getReadFd() : 0[0m
[0;31mtevent.ident : 0[0m
[0;31mtestcode ====_headerBuffer
GET /directory/nop/other.pouac HTTP/1.1
Host: 0.0.0.0:80
User-Agent: Go-http-client/1.1
Accept-Encoding: gzip

[0m
not serverpath
[0;31m_request->getMethod() : GET[0m
==============================Send data==============================
HTTP/1.1 404 Not Found
Content-Type: text/html; charset=UTF-8
Server: My Server
Referrer-Policy: no-referrer
Content-Length: 346
Date: Tue, 15 Aug 2023 17:56:13 GMT

<!DOCTYPE html>
<html lang="en">
<head>
    <meta charset="UTF-8">
    <meta name="viewport" content="width=device-width, initial-scale=1.0">
    <link rel="shortcut icon" href="data:image/x-icon;," type="image/x-icon">
    <title>error</title>
</head>
<body>
    <h1>ERROR</h1>
    <p>404 </p>
    <br>
    <p>file not found</p>
</body>
</html>

[0;32mtestcode : send code: 404[0m
[0;32mtestcode= = = = = = ======= ACCEPT =========================[0m
[0;31mrecv : 0:[0m

[0;31mclient->getReadFd() : 0[0m
[0;31mtevent.ident : 0[0m
[0;31mrecv : 0:[0m

[0;31mclient->getReadFd() : 0[0m
[0;31mtevent.ident : 0[0m
[0;31mrecv : 0:[0m

[0;31mclient->getReadFd() : 0[0m
[0;31mtevent.ident : 0[0m
[0;31mrecv : 0:[0m

[0;31mclient->getReadFd() : 0[0m
[0;31mtevent.ident : 0[0m
[0;31mtestcode ====_headerBuffer
GET /directory/Yeah HTTP/1.1
Host: 0.0.0.0:80
User-Agent: Go-http-client/1.1
Accept-Encoding: gzip

[0m
not serverpath
[0;31m_request->getMethod() : GET[0m
==============================Send data==============================
HTTP/1.1 404 Not Found
Content-Type: text/html; charset=UTF-8
Server: My Server
Referrer-Policy: no-referrer
Content-Length: 346
Date: Tue, 15 Aug 2023 17:56:13 GMT

<!DOCTYPE html>
<html lang="en">
<head>
    <meta charset="UTF-8">
    <meta name="viewport" content="width=device-width, initial-scale=1.0">
    <link rel="shortcut icon" href="data:image/x-icon;," type="image/x-icon">
    <title>error</title>
</head>
<body>
    <h1>ERROR</h1>
    <p>404 </p>
    <br>
    <p>file not found</p>
</body>
</html>

[0;32mtestcode : send code: 404[0m
[0;32mtestcode= = = = = = ======= ACCEPT =========================[0m
[0;31mrecv : 0:[0m

[0;31mclient->getReadFd() : 0[0m
[0;31mtevent.ident : 0[0m
[0;31mrecv : 0:[0m

[0;31mclient->getReadFd() : 0[0m
[0;31mtevent.ident : 0[0m
[0;31mrecv : 0:[0m

[0;31mclient->getReadFd() : 0[0m
[0;31mtevent.ident : 0[0m
[0;31mrecv : 0:[0m

[0;31mclient->getReadFd() : 0[0m
[0;31mtevent.ident : 0[0m
[0;31mrecv : 0:[0m

[0;31mclient->getReadFd() : 0[0m
[0;31mtevent.ident : 0[0m
[0;31mrecv : 0:[0m

[0;31mclient->getReadFd() : 0[0m
[0;31mtevent.ident : 0[0m
[0;31mrecv : 0:[0m

[0;31mclient->getReadFd() : 0[0m
[0;31mtevent.ident : 0[0m
[0;31mtestcode ====_headerBuffer
GET /directory/Yeah/not_happy.bad_extension HTTP/1.1
Host: 0.0.0.0:80
User-Agent: Go-http-client/1.1
Accept-Encoding: gzip

[0m
==============================Send data==============================
HTTP/1.1 200 OK
Date: Tue, 15 Aug 2023 17:56:13 GMT
Server: My Server
Content-Type: 
Content-Length: 23

not_happy.bad_extension
[0;32mtestcode : send code: 200[0m
invalid Read event set 1
[0;32mtestcode send clear[0m
[0;32mtestcode= = = = = = ======= ACCEPT =========================[0m
[0;31mrecv : 0:[0m

[0;31mclient->getReadFd() : 0[0m
[0;31mtevent.ident : 0[0m
[0;31mrecv : 0:[0m

[0;31mclient->getReadFd() : 0[0m
[0;31mtevent.ident : 0[0m
[0;31mrecv : 0:[0m

[0;31mclient->getReadFd() : 0[0m
[0;31mtevent.ident : 0[0m
[0;31mrecv : 0:[0m

[0;31mclient->getReadFd() : 0[0m
[0;31mtevent.ident : 0[0m
[0;31mtestcode ====_headerBuffer
PUT /put_test/file_should_exist_after HTTP/1.1
Host: 0.0.0.0:80
User-Agent: Go-http-client/1.1
Transfer-Encoding: chunked
Accept-Encoding: gzip

[0m
[0;31mrecv : 0:[0m

[0;31mclient->getReadFd() : 0[0m
[0;31mtevent.ident : 0[0m
[0;31mrecv : 0:[0m

[0;31mclient->getReadFd() : 0[0m
[0;31mtevent.ident : 0[0m
[0;31mrecv : 0:[0m

[0;31mclient->getReadFd() : 0[0m
[0;31mtevent.ident : 0[0m
[0;31mrecv : 0:[0m

[0;31mclient->getReadFd() : 0[0m
[0;31mtevent.ident : 0[0m
[0;31mrecv : 0:[0m

[0;31mclient->getReadFd() : 0[0m
[0;31mtevent.ident : 0[0m
==============================Send data==============================

[0;32mtestcode : send code: 200[0m
invalid Read event set 1
[0;32mtestcode send clear[0m
